D:\Learning_Courses\learn\src\main\java\com\example\learn\controller\UserController.java
D:\Learning_Courses\learn\src\main\java\com\example\learn\model\Constants.java
D:\Learning_Courses\learn\src\main\java\com\example\learn\config\SwaggerConfiguration.java
D:\Learning_Courses\learn\src\main\java\com\example\learn\sevices\UserService.java
D:\Learning_Courses\learn\src\main\java\com\example\learn\config\WebSecurityConfig.java
D:\Learning_Courses\learn\src\main\java\com\example\learn\metaData\JwtToken.java
D:\Learning_Courses\learn\src\main\java\com\example\learn\config\DataSourceConfig.java
D:\Learning_Courses\learn\src\main\java\com\example\learn\exceptions\GlobalExceptionHandler.java
D:\Learning_Courses\learn\src\main\java\com\example\learn\metaData\ResponseBody.java
D:\Learning_Courses\learn\src\main\java\com\example\learn\metaData\ErrorResponse.java
D:\Learning_Courses\learn\src\main\java\com\example\learn\model\ApplicationUser.java
D:\Learning_Courses\learn\src\main\java\com\example\learn\model\whetherController.java
D:\Learning_Courses\learn\src\main\java\com\example\learn\config\CustomeLocalResolve.java
D:\Learning_Courses\learn\src\main\java\com\example\learn\config\JwtAuthenticationFilter.java
D:\Learning_Courses\learn\src\main\java\com\example\learn\Util\JwtUtil.java
D:\Learning_Courses\learn\src\main\java\com\example\learn\controller\AuthController.java
D:\Learning_Courses\learn\src\main\java\com\example\learn\metaData\MsgLst.java
D:\Learning_Courses\learn\src\main\java\com\example\learn\config\JWTAuthenticationEntryPoint.java
D:\Learning_Courses\learn\src\main\java\com\example\learn\LearnApplication.java
D:\Learning_Courses\learn\src\main\java\com\example\learn\sevices\UserDetailService.java
D:\Learning_Courses\learn\src\main\java\com\example\learn\exceptions\UserNotFoundException.java
D:\Learning_Courses\learn\src\main\java\com\example\learn\repository\UserRepository.java
